2026-08-05 19:37:01,798 | INFO | QuantTrade-Pro Started
2026-08-05 19:37:01,798 | WARNING | Test Warning
2026-08-05 19:37:01,798 | ERROR | Test Error
2026-08-05 19:38:54,728 | INFO | BUY ORDER
2026-08-05 19:38:54,730 | INFO | SELL ORDER
2026-08-05 19:38:54,732 | INFO | BUY ORDER
2026-08-05 19:38:54,733 | INFO | SELL ORDER
2026-08-05 19:38:54,736 | INFO | BUY ORDER
2026-08-05 19:38:54,738 | INFO | SELL ORDER
2026-08-05 19:38:54,739 | INFO | BUY ORDER
2026-08-05 19:38:54,739 | INFO | SELL ORDER
2026-08-05 19:38:54,739 | INFO | BUY ORDER
2026-08-05 19:38:54,739 | INFO | SELL ORDER
2026-08-05 19:38:54,743 | INFO | BUY ORDER
2026-08-05 19:38:54,748 | INFO | SELL ORDER
2026-08-05 19:38:54,750 | INFO | BUY ORDER
2026-08-05 19:38:54,752 | INFO | SELL ORDER
2026-08-05 19:38:54,754 | INFO | BUY ORDER
2026-08-05 19:38:54,757 | INFO | SELL ORDER
2026-08-05 19:38:54,758 | INFO | BUY ORDER
2026-08-05 19:38:54,760 | INFO | SELL ORDER
2026-08-05 19:38:54,761 | INFO | BUY ORDER
2026-08-05 19:38:54,762 | INFO | SELL ORDER
2026-08-05 19:38:54,764 | INFO | BUY ORDER
2026-08-05 19:38:54,764 | INFO | SELL ORDER
2026-08-05 19:38:54,766 | INFO | BUY ORDER
2026-08-05 19:38:54,767 | INFO | SELL ORDER
2026-08-05 19:38:54,768 | INFO | BUY ORDER
2026-08-05 19:38:54,771 | INFO | SELL ORDER
2026-08-05 19:38:54,773 | INFO | BUY ORDER
2026-08-05 19:38:54,773 | INFO | SELL ORDER
2026-08-05 19:38:54,774 | INFO | BUY ORDER
2026-08-05 19:38:54,776 | INFO | SELL ORDER
2026-08-05 19:38:54,776 | INFO | BUY ORDER
2026-08-05 19:55:35,077 | INFO | BUY ORDER
2026-08-05 19:55:35,083 | INFO | SELL ORDER
2026-08-05 19:55:35,088 | INFO | BUY ORDER
2026-08-05 19:55:35,092 | INFO | SELL ORDER
2026-08-05 19:55:35,095 | INFO | BUY ORDER
2026-08-05 19:55:35,098 | INFO | SELL ORDER
2026-08-05 19:55:35,099 | INFO | BUY ORDER
2026-08-05 19:55:35,099 | INFO | SELL ORDER
2026-08-05 19:55:35,099 | INFO | BUY ORDER
2026-08-05 19:55:35,105 | INFO | SELL ORDER
2026-08-05 19:55:35,107 | INFO | BUY ORDER
2026-08-05 19:55:35,113 | INFO | SELL ORDER
2026-08-05 19:55:35,113 | INFO | BUY ORDER
2026-08-05 19:55:35,121 | INFO | SELL ORDER
2026-08-05 19:55:35,124 | INFO | BUY ORDER
2026-08-05 19:55:35,128 | INFO | SELL ORDER
2026-08-05 19:55:35,128 | INFO | BUY ORDER
2026-08-05 19:55:35,131 | INFO | SELL ORDER
2026-08-05 19:55:35,134 | INFO | BUY ORDER
2026-08-05 19:55:35,136 | INFO | SELL ORDER
2026-08-05 19:55:35,138 | INFO | BUY ORDER
2026-08-05 19:55:35,139 | INFO | SELL ORDER
2026-08-05 19:55:35,142 | INFO | BUY ORDER
2026-08-05 19:55:35,143 | INFO | SELL ORDER
2026-08-05 19:55:35,145 | INFO | BUY ORDER
2026-08-05 19:55:35,153 | INFO | SELL ORDER
2026-08-05 19:55:35,156 | INFO | BUY ORDER
2026-08-05 19:55:35,158 | INFO | SELL ORDER
2026-08-05 19:55:35,161 | INFO | BUY ORDER
2026-08-05 19:55:35,163 | INFO | SELL ORDER
2026-08-05 19:55:35,163 | INFO | BUY ORDER
2026-08-07 09:41:52,536 | INFO | BUY ORDER
2026-08-07 09:41:52,554 | INFO | SELL ORDER
2026-08-07 09:41:52,562 | INFO | BUY ORDER
2026-08-07 09:41:52,572 | INFO | SELL ORDER
2026-08-07 09:41:52,598 | INFO | BUY ORDER
2026-08-07 09:41:52,615 | INFO | SELL ORDER
2026-08-07 09:41:52,673 | INFO | BUY ORDER
2026-08-07 09:41:52,688 | INFO | SELL ORDER
2026-08-07 09:41:52,699 | INFO | BUY ORDER
2026-08-07 09:41:52,710 | INFO | SELL ORDER
2026-08-07 09:41:52,725 | INFO | BUY ORDER
2026-08-07 09:41:52,758 | INFO | SELL ORDER
2026-08-07 09:41:52,778 | INFO | BUY ORDER
2026-08-07 09:41:52,790 | INFO | SELL ORDER
2026-08-07 09:41:52,813 | INFO | BUY ORDER
2026-08-07 09:41:52,839 | INFO | SELL ORDER
2026-08-07 09:41:52,855 | INFO | BUY ORDER
2026-08-07 09:41:52,877 | INFO | SELL ORDER
2026-08-07 09:41:52,884 | INFO | BUY ORDER
2026-08-07 09:41:52,924 | INFO | SELL ORDER
2026-08-07 09:41:52,932 | INFO | BUY ORDER
2026-08-07 09:41:52,944 | INFO | SELL ORDER
2026-08-07 09:41:52,979 | INFO | BUY ORDER
2026-08-07 09:41:52,993 | INFO | SELL ORDER
2026-08-07 09:41:53,012 | INFO | BUY ORDER
2026-08-07 09:41:53,044 | INFO | SELL ORDER
2026-08-07 09:41:53,057 | INFO | BUY ORDER
2026-08-07 09:41:53,076 | INFO | SELL ORDER
2026-08-07 09:41:53,095 | INFO | BUY ORDER
2026-08-07 09:41:53,114 | INFO | SELL ORDER
2026-08-07 09:41:53,127 | INFO | BUY ORDER
2026-08-07 09:42:03,821 | INFO | BUY ORDER
2026-08-07 09:42:03,833 | INFO | SELL ORDER
2026-08-07 09:42:03,841 | INFO | BUY ORDER
2026-08-07 09:42:03,845 | INFO | SELL ORDER
2026-08-07 09:42:03,853 | INFO | BUY ORDER
2026-08-07 09:42:03,861 | INFO | SELL ORDER
2026-08-07 09:42:03,867 | INFO | BUY ORDER
2026-08-07 09:42:03,870 | INFO | SELL ORDER
2026-08-07 09:42:03,870 | INFO | BUY ORDER
2026-08-07 09:42:03,877 | INFO | SELL ORDER
2026-08-07 09:42:03,886 | INFO | BUY ORDER
2026-08-07 09:42:03,903 | INFO | SELL ORDER
2026-08-07 09:42:03,910 | INFO | BUY ORDER
2026-08-07 09:42:03,910 | INFO | SELL ORDER
2026-08-07 09:42:03,920 | INFO | BUY ORDER
2026-08-07 09:42:03,920 | INFO | SELL ORDER
2026-08-07 09:42:03,920 | INFO | BUY ORDER
2026-08-07 09:42:03,935 | INFO | SELL ORDER
2026-08-07 09:42:03,935 | INFO | BUY ORDER
2026-08-07 09:42:03,949 | INFO | SELL ORDER
2026-08-07 09:42:03,953 | INFO | BUY ORDER
2026-08-07 09:42:03,953 | INFO | SELL ORDER
2026-08-07 09:42:03,959 | INFO | BUY ORDER
2026-08-07 09:42:03,959 | INFO | SELL ORDER
2026-08-07 09:42:03,969 | INFO | BUY ORDER
2026-08-07 09:42:03,971 | INFO | SELL ORDER
2026-08-07 09:42:03,983 | INFO | BUY ORDER
2026-08-07 09:42:03,987 | INFO | SELL ORDER
2026-08-07 09:42:03,987 | INFO | BUY ORDER
2026-08-07 09:42:03,987 | INFO | SELL ORDER
2026-08-07 09:42:03,999 | INFO | BUY ORDER
2026-08-07 09:42:05,722 | INFO | BUY ORDER
2026-08-07 09:42:05,736 | INFO | SELL ORDER
2026-08-07 09:42:05,748 | INFO | BUY ORDER
2026-08-07 09:42:05,753 | INFO | SELL ORDER
2026-08-07 09:42:05,761 | INFO | BUY ORDER
2026-08-07 09:42:05,770 | INFO | SELL ORDER
2026-08-07 09:42:05,777 | INFO | BUY ORDER
2026-08-07 09:42:05,777 | INFO | SELL ORDER
2026-08-07 09:42:05,787 | INFO | BUY ORDER
2026-08-07 09:42:05,787 | INFO | SELL ORDER
2026-08-07 09:42:05,787 | INFO | BUY ORDER
2026-08-07 09:42:05,804 | INFO | SELL ORDER
2026-08-07 09:42:05,820 | INFO | BUY ORDER
2026-08-07 09:42:05,828 | INFO | SELL ORDER
2026-08-07 09:42:05,836 | INFO | BUY ORDER
2026-08-07 09:42:05,842 | INFO | SELL ORDER
2026-08-07 09:42:05,842 | INFO | BUY ORDER
2026-08-07 09:42:05,853 | INFO | SELL ORDER
2026-08-07 09:42:05,859 | INFO | BUY ORDER
2026-08-07 09:42:05,859 | INFO | SELL ORDER
2026-08-07 09:42:05,870 | INFO | BUY ORDER
2026-08-07 09:42:05,870 | INFO | SELL ORDER
2026-08-07 09:42:05,883 | INFO | BUY ORDER
2026-08-07 09:42:05,883 | INFO | SELL ORDER
2026-08-07 09:42:05,883 | INFO | BUY ORDER
2026-08-07 09:42:05,901 | INFO | SELL ORDER
2026-08-07 09:42:05,904 | INFO | BUY ORDER
2026-08-07 09:42:05,904 | INFO | SELL ORDER
2026-08-07 09:42:05,904 | INFO | BUY ORDER
2026-08-07 09:42:05,920 | INFO | SELL ORDER
2026-08-07 09:42:05,920 | INFO | BUY ORDER
2026-08-07 09:42:12,768 | INFO | BUY ORDER
2026-08-07 09:42:12,768 | INFO | SELL ORDER
2026-08-07 09:42:12,785 | INFO | BUY ORDER
2026-08-07 09:42:12,789 | INFO | SELL ORDER
2026-08-07 09:42:12,792 | INFO | BUY ORDER
2026-08-07 09:42:12,802 | INFO | SELL ORDER
2026-08-07 09:42:12,810 | INFO | BUY ORDER
2026-08-07 09:42:12,812 | INFO | SELL ORDER
2026-08-07 09:42:12,812 | INFO | BUY ORDER
2026-08-07 09:42:12,816 | INFO | SELL ORDER
2026-08-07 09:42:12,818 | INFO | BUY ORDER
2026-08-07 09:42:12,836 | INFO | SELL ORDER
2026-08-07 09:42:12,841 | INFO | BUY ORDER
2026-08-07 09:42:12,849 | INFO | SELL ORDER
2026-08-07 09:42:12,853 | INFO | BUY ORDER
2026-08-07 09:42:12,865 | INFO | SELL ORDER
2026-08-07 09:42:12,868 | INFO | BUY ORDER
2026-08-07 09:42:12,876 | INFO | SELL ORDER
2026-08-07 09:42:12,879 | INFO | BUY ORDER
2026-08-07 09:42:12,885 | INFO | SELL ORDER
2026-08-07 09:42:12,886 | INFO | BUY ORDER
2026-08-07 09:42:12,886 | INFO | SELL ORDER
2026-08-07 09:42:12,897 | INFO | BUY ORDER
2026-08-07 09:42:12,897 | INFO | SELL ORDER
2026-08-07 09:42:12,904 | INFO | BUY ORDER
2026-08-07 09:42:12,920 | INFO | SELL ORDER
2026-08-07 09:42:12,924 | INFO | BUY ORDER
2026-08-07 09:42:12,928 | INFO | SELL ORDER
2026-08-07 09:42:12,928 | INFO | BUY ORDER
2026-08-07 09:42:12,936 | INFO | SELL ORDER
2026-08-07 09:42:12,936 | INFO | BUY ORDER
2026-08-07 09:42:17,335 | INFO | BUY ORDER
2026-08-07 09:42:17,344 | INFO | SELL ORDER
2026-08-07 09:42:17,359 | INFO | BUY ORDER
2026-08-07 09:42:17,359 | INFO | SELL ORDER
2026-08-07 09:42:17,369 | INFO | BUY ORDER
2026-08-07 09:42:17,376 | INFO | SELL ORDER
2026-08-07 09:42:17,376 | INFO | BUY ORDER
2026-08-07 09:42:17,383 | INFO | SELL ORDER
2026-08-07 09:42:17,388 | INFO | BUY ORDER
2026-08-07 09:42:17,397 | INFO | SELL ORDER
2026-08-07 09:42:17,399 | INFO | BUY ORDER
2026-08-07 09:42:17,405 | INFO | SELL ORDER
2026-08-07 09:42:17,419 | INFO | BUY ORDER
2026-08-07 09:42:17,434 | INFO | SELL ORDER
2026-08-07 09:42:17,438 | INFO | BUY ORDER
2026-08-07 09:42:17,438 | INFO | SELL ORDER
2026-08-07 09:42:17,448 | INFO | BUY ORDER
2026-08-07 09:42:17,452 | INFO | SELL ORDER
2026-08-07 09:42:17,456 | INFO | BUY ORDER
2026-08-07 09:42:17,462 | INFO | SELL ORDER
2026-08-07 09:42:17,468 | INFO | BUY ORDER
2026-08-07 09:42:17,476 | INFO | SELL ORDER
2026-08-07 09:42:17,481 | INFO | BUY ORDER
2026-08-07 09:42:17,484 | INFO | SELL ORDER
2026-08-07 09:42:17,499 | INFO | BUY ORDER
2026-08-07 09:42:17,505 | INFO | SELL ORDER
2026-08-07 09:42:25,090 | INFO | BUY ORDER
2026-08-07 09:42:25,095 | INFO | SELL ORDER
2026-08-07 09:42:25,100 | INFO | BUY ORDER
2026-08-07 09:42:25,102 | INFO | SELL ORDER
2026-08-07 09:42:25,106 | INFO | BUY ORDER
2026-08-07 09:42:25,106 | INFO | SELL ORDER
2026-08-07 09:42:25,122 | INFO | BUY ORDER
2026-08-07 09:42:25,122 | INFO | SELL ORDER
2026-08-07 09:42:25,122 | INFO | BUY ORDER
2026-08-07 09:42:25,130 | INFO | SELL ORDER
2026-08-07 09:42:25,139 | INFO | BUY ORDER
2026-08-07 09:42:25,139 | INFO | SELL ORDER
2026-08-07 09:42:25,146 | INFO | BUY ORDER
2026-08-07 09:42:25,151 | INFO | SELL ORDER
2026-08-07 09:42:25,151 | INFO | BUY ORDER
2026-08-07 09:42:25,162 | INFO | SELL ORDER
2026-08-07 09:42:25,162 | INFO | BUY ORDER
2026-08-07 09:42:25,168 | INFO | SELL ORDER
2026-08-07 09:42:25,178 | INFO | BUY ORDER
2026-08-07 09:42:25,184 | INFO | SELL ORDER
2026-08-07 09:42:25,184 | INFO | BUY ORDER
2026-08-07 09:42:25,201 | INFO | SELL ORDER
2026-08-07 09:42:25,201 | INFO | BUY ORDER
2026-08-07 09:42:25,218 | INFO | SELL ORDER
2026-08-07 09:42:25,226 | INFO | BUY ORDER
2026-08-07 09:42:25,251 | INFO | SELL ORDER
2026-08-07 09:42:25,258 | INFO | BUY ORDER
2026-08-07 09:42:25,262 | INFO | SELL ORDER
2026-08-07 09:42:31,381 | INFO | BUY ORDER
2026-08-07 09:42:31,384 | INFO | SELL ORDER
2026-08-07 09:42:31,384 | INFO | BUY ORDER
2026-08-07 09:42:31,384 | INFO | SELL ORDER
2026-08-07 09:42:31,399 | INFO | BUY ORDER
2026-08-07 09:42:31,400 | INFO | SELL ORDER
2026-08-07 09:42:31,407 | INFO | BUY ORDER
2026-08-07 09:42:31,416 | INFO | SELL ORDER
2026-08-07 09:42:31,424 | INFO | BUY ORDER
2026-08-07 09:42:31,437 | INFO | SELL ORDER
2026-08-07 09:42:31,437 | INFO | BUY ORDER
2026-08-07 09:42:31,465 | INFO | SELL ORDER
2026-08-07 09:42:31,470 | INFO | BUY ORDER
2026-08-07 09:42:31,470 | INFO | SELL ORDER
2026-08-07 09:42:31,480 | INFO | BUY ORDER
2026-08-07 09:42:31,486 | INFO | SELL ORDER
2026-08-07 09:42:31,486 | INFO | BUY ORDER
2026-08-07 09:42:31,496 | INFO | SELL ORDER
2026-08-07 09:42:31,503 | INFO | BUY ORDER
2026-08-07 09:42:31,516 | INFO | SELL ORDER
2026-08-07 09:42:31,519 | INFO | BUY ORDER
2026-08-07 09:42:31,527 | INFO | SELL ORDER
2026-08-07 09:42:31,535 | INFO | BUY ORDER
2026-08-07 09:42:31,535 | INFO | SELL ORDER
2026-08-07 09:42:31,543 | INFO | BUY ORDER
2026-08-07 09:47:37,550 | INFO | BUY ORDER
2026-08-07 09:47:37,550 | INFO | SELL ORDER
2026-08-07 09:47:37,565 | INFO | BUY ORDER
2026-08-07 09:47:37,566 | INFO | SELL ORDER
2026-08-07 09:47:37,576 | INFO | BUY ORDER
2026-08-07 09:47:37,583 | INFO | SELL ORDER
2026-08-07 09:47:37,590 | INFO | BUY ORDER
2026-08-07 09:47:37,590 | INFO | SELL ORDER
2026-08-07 09:47:37,595 | INFO | BUY ORDER
2026-08-07 09:47:37,600 | INFO | SELL ORDER
2026-08-07 09:47:37,605 | INFO | BUY ORDER
2026-08-07 09:47:37,613 | INFO | SELL ORDER
2026-08-07 09:47:37,629 | INFO | BUY ORDER
2026-08-07 09:47:37,629 | INFO | SELL ORDER
2026-08-07 09:47:37,650 | INFO | BUY ORDER
2026-08-07 09:47:37,655 | INFO | SELL ORDER
2026-08-07 09:47:37,655 | INFO | BUY ORDER
2026-08-07 09:47:37,664 | INFO | SELL ORDER
2026-08-07 09:47:37,664 | INFO | BUY ORDER
2026-08-07 09:47:37,678 | INFO | SELL ORDER
2026-08-07 09:47:37,679 | INFO | BUY ORDER
2026-08-07 09:47:37,679 | INFO | SELL ORDER
2026-08-07 09:47:37,679 | INFO | BUY ORDER
2026-08-07 09:47:37,695 | INFO | SELL ORDER
2026-08-07 09:47:37,699 | INFO | BUY ORDER
2026-08-07 09:47:37,710 | INFO | SELL ORDER
2026-08-07 09:47:37,713 | INFO | BUY ORDER
2026-08-07 09:47:37,719 | INFO | SELL ORDER
2026-08-07 09:47:37,719 | INFO | BUY ORDER
2026-08-07 09:47:37,727 | INFO | SELL ORDER
2026-08-07 09:47:37,730 | INFO | BUY ORDER
2026-08-07 09:47:51,438 | INFO | BUY ORDER
2026-08-07 09:47:51,443 | INFO | SELL ORDER
2026-08-07 09:47:51,452 | INFO | BUY ORDER
2026-08-07 09:47:51,452 | INFO | SELL ORDER
2026-08-07 09:47:51,468 | INFO | BUY ORDER
2026-08-07 09:47:51,468 | INFO | SELL ORDER
2026-08-07 09:47:51,479 | INFO | BUY ORDER
2026-08-07 09:47:51,485 | INFO | SELL ORDER
2026-08-07 09:47:51,488 | INFO | BUY ORDER
2026-08-07 09:47:51,493 | INFO | SELL ORDER
2026-08-07 09:47:51,499 | INFO | BUY ORDER
2026-08-07 09:47:51,518 | INFO | SELL ORDER
2026-08-07 09:47:51,526 | INFO | BUY ORDER
2026-08-07 09:47:51,533 | INFO | SELL ORDER
2026-08-07 09:47:51,540 | INFO | BUY ORDER
2026-08-07 09:47:51,544 | INFO | SELL ORDER
2026-08-07 09:47:51,544 | INFO | BUY ORDER
2026-08-07 09:47:51,557 | INFO | SELL ORDER
2026-08-07 09:47:51,560 | INFO | BUY ORDER
2026-08-07 09:47:51,560 | INFO | SELL ORDER
2026-08-07 09:47:51,569 | INFO | BUY ORDER
2026-08-07 09:47:51,569 | INFO | SELL ORDER
2026-08-07 09:47:51,577 | INFO | BUY ORDER
2026-08-07 09:47:51,577 | INFO | SELL ORDER
2026-08-07 09:47:51,577 | INFO | BUY ORDER
2026-08-07 09:47:51,594 | INFO | SELL ORDER
2026-08-07 09:47:51,594 | INFO | BUY ORDER
2026-08-07 09:47:51,605 | INFO | SELL ORDER
2026-08-07 09:47:51,605 | INFO | BUY ORDER
2026-08-07 09:47:51,611 | INFO | SELL ORDER
2026-08-07 09:47:51,611 | INFO | BUY ORDER
2026-08-07 09:47:56,227 | INFO | BUY ORDER
2026-08-07 09:47:56,241 | INFO | SELL ORDER
2026-08-07 09:47:56,249 | INFO | BUY ORDER
2026-08-07 09:47:56,249 | INFO | SELL ORDER
2026-08-07 09:47:56,259 | INFO | BUY ORDER
2026-08-07 09:47:56,266 | INFO | SELL ORDER
2026-08-07 09:47:56,275 | INFO | BUY ORDER
2026-08-07 09:47:56,276 | INFO | SELL ORDER
2026-08-07 09:47:56,283 | INFO | BUY ORDER
2026-08-07 09:47:56,283 | INFO | SELL ORDER
2026-08-07 09:47:56,283 | INFO | BUY ORDER
2026-08-07 09:47:56,297 | INFO | SELL ORDER
2026-08-07 09:47:56,314 | INFO | BUY ORDER
2026-08-07 09:47:56,314 | INFO | SELL ORDER
2026-08-07 09:47:56,330 | INFO | BUY ORDER
2026-08-07 09:47:56,330 | INFO | SELL ORDER
2026-08-07 09:47:56,340 | INFO | BUY ORDER
2026-08-07 09:47:56,348 | INFO | SELL ORDER
2026-08-07 09:47:56,348 | INFO | BUY ORDER
2026-08-07 09:47:56,357 | INFO | SELL ORDER
2026-08-07 09:47:56,359 | INFO | BUY ORDER
2026-08-07 09:47:56,365 | INFO | SELL ORDER
2026-08-07 09:47:56,365 | INFO | BUY ORDER
2026-08-07 09:47:56,376 | INFO | SELL ORDER
2026-08-07 09:47:56,378 | INFO | BUY ORDER
2026-08-07 09:47:56,397 | INFO | SELL ORDER
2026-08-07 09:47:56,403 | INFO | BUY ORDER
2026-08-07 09:47:56,405 | INFO | SELL ORDER
2026-08-07 09:47:56,411 | INFO | BUY ORDER
2026-08-07 09:47:56,415 | INFO | SELL ORDER
2026-08-07 09:47:56,421 | INFO | BUY ORDER
2026-08-07 09:48:00,798 | INFO | BUY ORDER
2026-08-07 09:48:00,798 | INFO | SELL ORDER
2026-08-07 09:48:00,798 | INFO | BUY ORDER
2026-08-07 09:48:00,814 | INFO | SELL ORDER
2026-08-07 09:48:00,825 | INFO | BUY ORDER
2026-08-07 09:48:00,825 | INFO | SELL ORDER
2026-08-07 09:48:00,835 | INFO | BUY ORDER
2026-08-07 09:48:00,845 | INFO | SELL ORDER
2026-08-07 09:48:00,852 | INFO | BUY ORDER
2026-08-07 09:48:00,867 | INFO | SELL ORDER
2026-08-07 09:48:00,875 | INFO | BUY ORDER
2026-08-07 09:48:00,892 | INFO | SELL ORDER
2026-08-07 09:48:00,892 | INFO | BUY ORDER
2026-08-07 09:48:00,900 | INFO | SELL ORDER
2026-08-07 09:48:00,900 | INFO | BUY ORDER
2026-08-07 09:48:00,909 | INFO | SELL ORDER
2026-08-07 09:48:00,909 | INFO | BUY ORDER
2026-08-07 09:48:00,916 | INFO | SELL ORDER
2026-08-07 09:48:00,925 | INFO | BUY ORDER
2026-08-07 09:48:00,943 | INFO | SELL ORDER
2026-08-07 09:48:00,949 | INFO | BUY ORDER
2026-08-07 09:48:00,949 | INFO | SELL ORDER
2026-08-07 09:48:00,962 | INFO | BUY ORDER
2026-08-07 09:48:00,962 | INFO | SELL ORDER
2026-08-07 09:48:00,962 | INFO | BUY ORDER
2026-08-07 10:07:13,335 | INFO | BUY ORDER
2026-08-07 10:07:13,340 | INFO | SELL ORDER
2026-08-07 10:07:13,342 | INFO | BUY ORDER
2026-08-07 10:07:13,342 | INFO | SELL ORDER
2026-08-07 10:07:13,342 | INFO | BUY ORDER
2026-08-07 10:07:13,342 | INFO | SELL ORDER
2026-08-07 10:07:13,357 | INFO | BUY ORDER
2026-08-07 10:07:13,357 | INFO | SELL ORDER
2026-08-07 10:07:13,357 | INFO | BUY ORDER
2026-08-07 10:07:13,357 | INFO | SELL ORDER
2026-08-07 10:07:13,363 | INFO | BUY ORDER
2026-08-07 10:07:13,366 | INFO | SELL ORDER
2026-08-07 10:07:13,374 | INFO | BUY ORDER
2026-08-07 10:07:13,377 | INFO | SELL ORDER
2026-08-07 10:07:13,381 | INFO | BUY ORDER
2026-08-07 10:07:13,383 | INFO | SELL ORDER
2026-08-07 10:07:13,387 | INFO | BUY ORDER
2026-08-07 10:07:13,387 | INFO | SELL ORDER
2026-08-07 10:07:13,387 | INFO | BUY ORDER
2026-08-07 10:07:13,387 | INFO | SELL ORDER
2026-08-07 10:07:13,396 | INFO | BUY ORDER
2026-08-07 10:07:13,396 | INFO | SELL ORDER
2026-08-07 10:07:13,399 | INFO | BUY ORDER
2026-08-07 10:07:13,399 | INFO | SELL ORDER
2026-08-07 10:07:13,404 | INFO | BUY ORDER
2026-08-07 10:07:13,404 | INFO | SELL ORDER
2026-08-07 10:07:13,416 | INFO | BUY ORDER
2026-08-07 10:07:13,416 | INFO | SELL ORDER
2026-08-07 10:07:13,416 | INFO | BUY ORDER
2026-08-07 10:07:13,420 | INFO | SELL ORDER
2026-08-07 10:07:13,420 | INFO | BUY ORDER
2026-08-07 10:10:57,138 | INFO | BUY ORDER
2026-08-07 10:10:57,148 | INFO | SELL ORDER
2026-08-07 10:10:57,155 | INFO | BUY ORDER
2026-08-07 10:10:57,155 | INFO | SELL ORDER
2026-08-07 10:10:57,162 | INFO | BUY ORDER
2026-08-07 10:10:57,170 | INFO | SELL ORDER
2026-08-07 10:10:57,171 | INFO | BUY ORDER
2026-08-07 10:10:57,171 | INFO | SELL ORDER
2026-08-07 10:10:57,180 | INFO | BUY ORDER
2026-08-07 10:10:57,180 | INFO | SELL ORDER
2026-08-07 10:10:57,188 | INFO | BUY ORDER
2026-08-07 10:10:57,196 | INFO | SELL ORDER
2026-08-07 10:10:57,196 | INFO | BUY ORDER
2026-08-07 10:10:57,205 | INFO | SELL ORDER
2026-08-07 10:10:57,205 | INFO | BUY ORDER
2026-08-07 10:10:57,215 | INFO | SELL ORDER
2026-08-07 10:10:57,215 | INFO | BUY ORDER
2026-08-07 10:10:57,223 | INFO | SELL ORDER
2026-08-07 10:10:57,223 | INFO | BUY ORDER
2026-08-07 10:10:57,231 | INFO | SELL ORDER
2026-08-07 10:10:57,237 | INFO | BUY ORDER
2026-08-07 10:10:57,238 | INFO | SELL ORDER
2026-08-07 10:10:57,245 | INFO | BUY ORDER
2026-08-07 10:10:57,249 | INFO | SELL ORDER
2026-08-07 10:10:57,251 | INFO | BUY ORDER
2026-08-07 10:10:57,255 | INFO | SELL ORDER
2026-08-07 10:10:57,261 | INFO | BUY ORDER
2026-08-07 10:10:57,261 | INFO | SELL ORDER
2026-08-07 10:10:57,270 | INFO | BUY ORDER
2026-08-07 10:10:57,272 | INFO | SELL ORDER
2026-08-07 10:10:57,275 | INFO | BUY ORDER
2026-08-07 10:34:05,801 | INFO | BUY ORDER
2026-08-07 10:34:05,807 | INFO | SELL ORDER
2026-08-07 10:34:05,825 | INFO | BUY ORDER
2026-08-07 10:34:05,834 | INFO | SELL ORDER
2026-08-07 10:34:05,850 | INFO | BUY ORDER
2026-08-07 10:34:05,859 | INFO | SELL ORDER
2026-08-07 10:34:05,866 | INFO | BUY ORDER
2026-08-07 10:34:05,871 | INFO | SELL ORDER
2026-08-07 10:34:05,871 | INFO | BUY ORDER
2026-08-07 10:34:05,871 | INFO | SELL ORDER
2026-08-07 10:34:05,882 | INFO | BUY ORDER
2026-08-07 10:34:05,900 | INFO | SELL ORDER
2026-08-07 10:34:05,916 | INFO | BUY ORDER
2026-08-07 10:34:05,923 | INFO | SELL ORDER
2026-08-07 10:34:05,934 | INFO | BUY ORDER
2026-08-07 10:34:05,955 | INFO | SELL ORDER
2026-08-07 10:34:05,955 | INFO | BUY ORDER
2026-08-07 10:34:05,966 | INFO | SELL ORDER
2026-08-07 10:34:05,969 | INFO | BUY ORDER
2026-08-07 10:34:05,979 | INFO | SELL ORDER
2026-08-07 10:34:05,984 | INFO | BUY ORDER
2026-08-07 10:34:05,984 | INFO | SELL ORDER
2026-08-07 10:34:05,994 | INFO | BUY ORDER
2026-08-07 10:34:06,000 | INFO | SELL ORDER
2026-08-07 10:34:06,002 | INFO | BUY ORDER
2026-08-07 10:34:06,018 | INFO | SELL ORDER
2026-08-07 10:34:06,018 | INFO | BUY ORDER
2026-08-07 10:34:06,030 | INFO | SELL ORDER
2026-08-07 10:34:06,035 | INFO | BUY ORDER
2026-08-07 10:34:06,046 | INFO | SELL ORDER
2026-08-07 10:34:06,050 | INFO | BUY ORDER
2026-08-07 10:37:14,578 | INFO | BUY ORDER
2026-08-07 10:37:14,599 | INFO | SELL ORDER
2026-08-07 10:37:14,609 | INFO | BUY ORDER
2026-08-07 10:37:14,612 | INFO | SELL ORDER
2026-08-07 10:37:14,627 | INFO | BUY ORDER
2026-08-07 10:37:14,627 | INFO | SELL ORDER
2026-08-07 10:37:14,644 | INFO | BUY ORDER
2026-08-07 10:37:14,644 | INFO | SELL ORDER
2026-08-07 10:37:14,644 | INFO | BUY ORDER
2026-08-07 10:37:14,644 | INFO | SELL ORDER
2026-08-07 10:37:14,659 | INFO | BUY ORDER
2026-08-07 10:37:14,683 | INFO | SELL ORDER
2026-08-07 10:37:14,696 | INFO | BUY ORDER
2026-08-07 10:37:14,697 | INFO | SELL ORDER
2026-08-07 10:37:14,713 | INFO | BUY ORDER
2026-08-07 10:37:14,725 | INFO | SELL ORDER
2026-08-07 10:37:14,725 | INFO | BUY ORDER
2026-08-07 10:37:14,737 | INFO | SELL ORDER
2026-08-07 10:37:14,743 | INFO | BUY ORDER
2026-08-07 10:37:14,751 | INFO | SELL ORDER
2026-08-07 10:37:14,759 | INFO | BUY ORDER
2026-08-07 10:37:14,761 | INFO | SELL ORDER
2026-08-07 10:37:14,769 | INFO | BUY ORDER
2026-08-07 10:37:14,776 | INFO | SELL ORDER
2026-08-07 10:37:14,776 | INFO | BUY ORDER
2026-08-07 10:37:14,801 | INFO | SELL ORDER
2026-08-07 10:37:14,801 | INFO | BUY ORDER
2026-08-07 10:37:14,809 | INFO | SELL ORDER
2026-08-07 10:37:14,819 | INFO | BUY ORDER
2026-08-07 10:37:14,826 | INFO | SELL ORDER
2026-08-07 10:37:14,829 | INFO | BUY ORDER
2026-08-07 10:37:57,263 | INFO | BUY ORDER
2026-08-07 10:37:57,273 | INFO | SELL ORDER
2026-08-07 10:37:57,282 | INFO | BUY ORDER
2026-08-07 10:37:57,282 | INFO | SELL ORDER
2026-08-07 10:37:57,300 | INFO | BUY ORDER
2026-08-07 10:37:57,307 | INFO | SELL ORDER
2026-08-07 10:37:57,307 | INFO | BUY ORDER
2026-08-07 10:37:57,320 | INFO | SELL ORDER
2026-08-07 10:37:57,322 | INFO | BUY ORDER
2026-08-07 10:37:57,322 | INFO | SELL ORDER
2026-08-07 10:37:57,332 | INFO | BUY ORDER
2026-08-07 10:37:57,355 | INFO | SELL ORDER
2026-08-07 10:37:57,355 | INFO | BUY ORDER
2026-08-07 10:37:57,375 | INFO | SELL ORDER
2026-08-07 10:37:57,389 | INFO | BUY ORDER
2026-08-07 10:37:57,405 | INFO | SELL ORDER
2026-08-07 10:37:57,405 | INFO | BUY ORDER
2026-08-07 10:37:57,421 | INFO | SELL ORDER
2026-08-07 10:37:57,421 | INFO | BUY ORDER
2026-08-07 10:37:57,433 | INFO | SELL ORDER
2026-08-07 10:37:57,439 | INFO | BUY ORDER
2026-08-07 10:37:57,439 | INFO | SELL ORDER
2026-08-07 10:37:57,455 | INFO | BUY ORDER
2026-08-07 10:37:57,455 | INFO | SELL ORDER
2026-08-07 10:37:57,464 | INFO | BUY ORDER
2026-08-07 10:37:57,489 | INFO | SELL ORDER
2026-08-07 10:37:57,489 | INFO | BUY ORDER
2026-08-07 10:37:57,505 | INFO | SELL ORDER
2026-08-07 10:37:57,505 | INFO | BUY ORDER
2026-08-07 10:37:57,522 | INFO | SELL ORDER
2026-08-07 10:37:57,522 | INFO | BUY ORDER
2026-08-07 10:39:30,267 | INFO | BUY ORDER
2026-08-07 10:39:30,283 | INFO | SELL ORDER
2026-08-07 10:39:30,295 | INFO | BUY ORDER
2026-08-07 10:39:30,298 | INFO | SELL ORDER
2026-08-07 10:39:30,309 | INFO | BUY ORDER
2026-08-07 10:39:30,314 | INFO | SELL ORDER
2026-08-07 10:39:30,330 | INFO | BUY ORDER
2026-08-07 10:39:30,334 | INFO | SELL ORDER
2026-08-07 10:39:30,334 | INFO | BUY ORDER
2026-08-07 10:39:30,337 | INFO | SELL ORDER
2026-08-07 10:39:30,345 | INFO | BUY ORDER
2026-08-07 10:39:30,367 | INFO | SELL ORDER
2026-08-07 10:39:30,383 | INFO | BUY ORDER
2026-08-07 10:39:30,393 | INFO | SELL ORDER
2026-08-07 10:39:30,409 | INFO | BUY ORDER
2026-08-07 10:39:30,422 | INFO | SELL ORDER
2026-08-07 10:39:30,422 | INFO | BUY ORDER
2026-08-07 10:39:30,431 | INFO | SELL ORDER
2026-08-07 10:39:30,438 | INFO | BUY ORDER
2026-08-07 10:39:30,449 | INFO | SELL ORDER
2026-08-07 10:39:30,451 | INFO | BUY ORDER
2026-08-07 10:39:30,451 | INFO | SELL ORDER
2026-08-07 10:39:30,465 | INFO | BUY ORDER
2026-08-07 10:39:30,474 | INFO | SELL ORDER
2026-08-07 10:39:30,481 | INFO | BUY ORDER
2026-08-07 10:39:30,507 | INFO | SELL ORDER
2026-08-07 10:39:30,510 | INFO | BUY ORDER
2026-08-07 10:39:30,510 | INFO | SELL ORDER
2026-08-07 10:39:30,526 | INFO | BUY ORDER
2026-08-07 10:39:30,531 | INFO | SELL ORDER
2026-08-07 10:39:30,539 | INFO | BUY ORDER
2026-08-07 10:42:38,049 | INFO | BUY ORDER
2026-08-07 10:42:38,065 | INFO | SELL ORDER
2026-08-07 10:42:38,069 | INFO | BUY ORDER
2026-08-07 10:42:38,075 | INFO | SELL ORDER
2026-08-07 10:42:38,089 | INFO | BUY ORDER
2026-08-07 10:42:38,103 | INFO | SELL ORDER
2026-08-07 10:42:38,111 | INFO | BUY ORDER
2026-08-07 10:42:38,115 | INFO | SELL ORDER
2026-08-07 10:42:38,120 | INFO | BUY ORDER
2026-08-07 10:42:38,120 | INFO | SELL ORDER
2026-08-07 10:42:38,128 | INFO | BUY ORDER
2026-08-07 10:42:38,136 | INFO | SELL ORDER
2026-08-07 10:42:38,159 | INFO | BUY ORDER
2026-08-07 10:42:38,169 | INFO | SELL ORDER
2026-08-07 10:42:38,176 | INFO | BUY ORDER
2026-08-07 10:42:38,187 | INFO | SELL ORDER
2026-08-07 10:42:38,198 | INFO | BUY ORDER
2026-08-07 10:42:38,203 | INFO | SELL ORDER
2026-08-07 10:42:38,203 | INFO | BUY ORDER
2026-08-07 10:42:38,220 | INFO | SELL ORDER
2026-08-07 10:42:38,220 | INFO | BUY ORDER
2026-08-07 10:42:38,232 | INFO | SELL ORDER
2026-08-07 10:42:38,236 | INFO | BUY ORDER
2026-08-07 10:42:38,236 | INFO | SELL ORDER
2026-08-07 10:42:38,252 | INFO | BUY ORDER
2026-08-07 10:42:38,270 | INFO | SELL ORDER
2026-08-07 10:42:38,277 | INFO | BUY ORDER
2026-08-07 10:42:38,280 | INFO | SELL ORDER
2026-08-07 10:42:38,290 | INFO | BUY ORDER
2026-08-07 10:42:38,295 | INFO | SELL ORDER
2026-08-07 10:42:38,300 | INFO | BUY ORDER
2026-08-07 10:42:45,351 | INFO | BUY ORDER
2026-08-07 10:42:45,351 | INFO | SELL ORDER
2026-08-07 10:42:45,374 | INFO | BUY ORDER
2026-08-07 10:42:45,374 | INFO | SELL ORDER
2026-08-07 10:42:45,386 | INFO | BUY ORDER
2026-08-07 10:42:45,396 | INFO | SELL ORDER
2026-08-07 10:42:45,404 | INFO | BUY ORDER
2026-08-07 10:42:45,404 | INFO | SELL ORDER
2026-08-07 10:42:45,410 | INFO | BUY ORDER
2026-08-07 10:42:45,410 | INFO | SELL ORDER
2026-08-07 10:42:45,419 | INFO | BUY ORDER
2026-08-07 10:42:45,439 | INFO | SELL ORDER
2026-08-07 10:42:45,439 | INFO | BUY ORDER
2026-08-07 10:42:45,451 | INFO | SELL ORDER
2026-08-07 10:42:45,468 | INFO | BUY ORDER
2026-08-07 10:42:45,482 | INFO | SELL ORDER
2026-08-07 10:42:45,485 | INFO | BUY ORDER
2026-08-07 10:42:45,485 | INFO | SELL ORDER
2026-08-07 10:42:45,499 | INFO | BUY ORDER
2026-08-07 10:42:45,502 | INFO | SELL ORDER
2026-08-07 10:42:45,519 | INFO | BUY ORDER
2026-08-07 10:42:45,519 | INFO | SELL ORDER
2026-08-07 10:42:45,535 | INFO | BUY ORDER
2026-08-07 10:42:45,535 | INFO | SELL ORDER
2026-08-07 10:42:45,535 | INFO | BUY ORDER
2026-08-07 10:42:45,565 | INFO | SELL ORDER
2026-08-07 10:42:45,569 | INFO | BUY ORDER
2026-08-07 10:42:45,579 | INFO | SELL ORDER
2026-08-07 10:42:45,586 | INFO | BUY ORDER
2026-08-07 10:42:45,595 | INFO | SELL ORDER
2026-08-07 10:42:45,595 | INFO | BUY ORDER
2026-08-07 10:42:45,678 | INFO | BUY ORDER
2026-08-07 10:42:45,693 | INFO | SELL ORDER
2026-08-07 10:42:45,703 | INFO | BUY ORDER
2026-08-07 10:42:45,721 | INFO | SELL ORDER
2026-08-07 10:42:45,735 | INFO | BUY ORDER
2026-08-07 10:42:45,746 | INFO | SELL ORDER
2026-08-07 10:42:45,773 | INFO | BUY ORDER
2026-08-07 10:42:45,787 | INFO | SELL ORDER
2026-08-07 10:42:45,805 | INFO | BUY ORDER
2026-08-07 10:42:45,822 | INFO | SELL ORDER
2026-08-07 10:42:45,881 | INFO | BUY ORDER
2026-08-07 10:42:45,884 | INFO | SELL ORDER
2026-08-07 10:42:45,891 | INFO | BUY ORDER
2026-08-07 10:42:45,895 | INFO | SELL ORDER
2026-08-07 10:42:45,907 | INFO | BUY ORDER
2026-08-07 10:42:45,910 | INFO | SELL ORDER
2026-08-07 10:42:45,916 | INFO | BUY ORDER
2026-08-07 10:42:45,918 | INFO | SELL ORDER
2026-08-07 10:42:45,924 | INFO | BUY ORDER
2026-08-07 10:42:45,924 | INFO | SELL ORDER
2026-08-07 10:42:45,934 | INFO | BUY ORDER
2026-08-07 10:42:45,939 | INFO | SELL ORDER
2026-08-07 10:42:45,953 | INFO | BUY ORDER
2026-08-07 10:42:45,955 | INFO | SELL ORDER
2026-08-07 10:42:45,955 | INFO | BUY ORDER
2026-08-07 10:42:45,964 | INFO | SELL ORDER
2026-08-07 10:42:45,968 | INFO | BUY ORDER
2026-08-07 10:42:45,981 | INFO | SELL ORDER
2026-08-07 10:42:45,993 | INFO | BUY ORDER
2026-08-07 10:42:46,014 | INFO | SELL ORDER
2026-08-07 10:42:46,027 | INFO | BUY ORDER
2026-08-07 10:42:46,032 | INFO | SELL ORDER
2026-08-07 10:42:46,043 | INFO | BUY ORDER
2026-08-07 10:42:46,046 | INFO | SELL ORDER
2026-08-07 10:42:46,052 | INFO | BUY ORDER
2026-08-07 10:42:46,060 | INFO | SELL ORDER
2026-08-07 10:42:46,060 | INFO | BUY ORDER
2026-08-07 10:42:46,060 | INFO | SELL ORDER
2026-08-07 10:42:46,070 | INFO | BUY ORDER
2026-08-07 10:42:46,074 | INFO | SELL ORDER
2026-08-07 10:42:46,077 | INFO | BUY ORDER
2026-08-07 10:42:46,081 | INFO | SELL ORDER
2026-08-07 10:42:46,088 | INFO | BUY ORDER
2026-08-07 10:42:46,092 | INFO | SELL ORDER
2026-08-07 10:42:46,096 | INFO | BUY ORDER
2026-08-07 10:42:46,100 | INFO | SELL ORDER
2026-08-07 10:42:46,104 | INFO | BUY ORDER
2026-08-07 10:42:46,104 | INFO | SELL ORDER
2026-08-07 10:42:46,113 | INFO | BUY ORDER
2026-08-07 10:42:46,116 | INFO | SELL ORDER
2026-08-07 10:42:46,121 | INFO | BUY ORDER
2026-08-07 10:42:46,123 | INFO | SELL ORDER
2026-08-07 10:42:46,127 | INFO | BUY ORDER
2026-08-07 10:42:46,132 | INFO | SELL ORDER
2026-08-07 10:42:46,138 | INFO | BUY ORDER
2026-08-07 10:42:46,140 | INFO | SELL ORDER
2026-08-07 10:42:46,145 | INFO | BUY ORDER
2026-08-07 10:42:46,152 | INFO | SELL ORDER
2026-08-07 10:42:46,152 | INFO | BUY ORDER
2026-08-07 10:42:46,152 | INFO | SELL ORDER
2026-08-07 10:42:46,152 | INFO | BUY ORDER
2026-08-07 10:42:46,161 | INFO | SELL ORDER
2026-08-07 10:42:46,161 | INFO | BUY ORDER
2026-08-07 10:42:46,168 | INFO | SELL ORDER
2026-08-07 10:42:46,170 | INFO | BUY ORDER
2026-08-07 10:42:46,170 | INFO | SELL ORDER
2026-08-07 10:42:46,178 | INFO | BUY ORDER
2026-08-07 10:42:46,178 | INFO | SELL ORDER
2026-08-07 10:42:46,186 | INFO | BUY ORDER
2026-08-07 10:42:46,186 | INFO | SELL ORDER
2026-08-07 10:42:46,193 | INFO | BUY ORDER
2026-08-07 10:42:46,197 | INFO | SELL ORDER
2026-08-07 10:42:46,201 | INFO | BUY ORDER
2026-08-07 10:42:46,208 | INFO | SELL ORDER
2026-08-07 10:42:46,211 | INFO | BUY ORDER
2026-08-07 10:42:46,219 | INFO | SELL ORDER
2026-08-07 10:42:46,219 | INFO | BUY ORDER
2026-08-07 10:42:46,219 | INFO | SELL ORDER
2026-08-07 10:42:46,219 | INFO | BUY ORDER
2026-08-07 10:42:46,232 | INFO | SELL ORDER
2026-08-07 10:42:46,232 | INFO | BUY ORDER
2026-08-07 10:42:46,235 | INFO | SELL ORDER
2026-08-07 10:42:46,235 | INFO | BUY ORDER
2026-08-07 10:42:46,235 | INFO | SELL ORDER
2026-08-07 10:42:46,235 | INFO | BUY ORDER
2026-08-07 10:42:46,235 | INFO | SELL ORDER
2026-08-07 10:42:46,252 | INFO | BUY ORDER
2026-08-07 10:42:46,252 | INFO | SELL ORDER
2026-08-07 10:42:46,252 | INFO | BUY ORDER
2026-08-07 10:42:46,252 | INFO | SELL ORDER
2026-08-07 10:42:46,252 | INFO | BUY ORDER
2026-08-07 10:42:46,266 | INFO | SELL ORDER
2026-08-07 10:42:46,272 | INFO | BUY ORDER
2026-08-07 10:42:46,277 | INFO | SELL ORDER
2026-08-07 10:42:46,277 | INFO | BUY ORDER
2026-08-07 10:42:46,277 | INFO | SELL ORDER
2026-08-07 10:42:46,286 | INFO | BUY ORDER
2026-08-07 10:42:46,286 | INFO | SELL ORDER
2026-08-07 10:42:46,286 | INFO | BUY ORDER
2026-08-07 10:42:46,286 | INFO | SELL ORDER
2026-08-07 10:42:46,303 | INFO | BUY ORDER
2026-08-07 10:42:46,311 | INFO | SELL ORDER
2026-08-07 10:42:46,318 | INFO | BUY ORDER
2026-08-07 10:42:46,323 | INFO | SELL ORDER
2026-08-07 10:45:04,683 | INFO | BUY ORDER
2026-08-07 10:45:04,691 | INFO | SELL ORDER
2026-08-07 10:45:04,700 | INFO | BUY ORDER
2026-08-07 10:45:04,707 | INFO | SELL ORDER
2026-08-07 10:45:04,717 | INFO | BUY ORDER
2026-08-07 10:45:04,725 | INFO | SELL ORDER
2026-08-07 10:45:04,734 | INFO | BUY ORDER
2026-08-07 10:45:04,734 | INFO | SELL ORDER
2026-08-07 10:45:04,738 | INFO | BUY ORDER
2026-08-07 10:45:04,738 | INFO | SELL ORDER
2026-08-07 10:45:04,747 | INFO | BUY ORDER
2026-08-07 10:45:04,767 | INFO | SELL ORDER
2026-08-07 10:45:04,771 | INFO | BUY ORDER
2026-08-07 10:45:04,788 | INFO | SELL ORDER
2026-08-07 10:45:04,804 | INFO | BUY ORDER
2026-08-07 10:45:04,804 | INFO | SELL ORDER
2026-08-07 10:45:04,818 | INFO | BUY ORDER
2026-08-07 10:45:04,828 | INFO | SELL ORDER
2026-08-07 10:45:04,831 | INFO | BUY ORDER
2026-08-07 10:45:04,837 | INFO | SELL ORDER
2026-08-07 10:45:04,837 | INFO | BUY ORDER
2026-08-07 10:45:04,847 | INFO | SELL ORDER
2026-08-07 10:45:04,856 | INFO | BUY ORDER
2026-08-07 10:45:04,856 | INFO | SELL ORDER
2026-08-07 10:45:04,868 | INFO | BUY ORDER
2026-08-07 10:45:04,888 | INFO | SELL ORDER
2026-08-07 10:45:04,888 | INFO | BUY ORDER
2026-08-07 10:45:04,904 | INFO | SELL ORDER
2026-08-07 10:45:04,907 | INFO | BUY ORDER
2026-08-07 10:45:04,922 | INFO | SELL ORDER
2026-08-07 10:45:04,922 | INFO | BUY ORDER
2026-08-07 10:45:04,995 | INFO | BUY ORDER
2026-08-07 10:45:05,003 | INFO | SELL ORDER
2026-08-07 10:45:05,023 | INFO | BUY ORDER
2026-08-07 10:45:05,039 | INFO | SELL ORDER
2026-08-07 10:45:05,039 | INFO | BUY ORDER
2026-08-07 10:45:05,055 | INFO | SELL ORDER
2026-08-07 10:45:05,098 | INFO | BUY ORDER
2026-08-07 10:45:05,126 | INFO | SELL ORDER
2026-08-07 10:45:05,139 | INFO | BUY ORDER
2026-08-07 10:45:05,157 | INFO | SELL ORDER
2026-08-07 10:45:05,235 | INFO | BUY ORDER
2026-08-07 10:45:05,235 | INFO | SELL ORDER
2026-08-07 10:45:05,245 | INFO | BUY ORDER
2026-08-07 10:45:05,252 | INFO | SELL ORDER
2026-08-07 10:45:05,260 | INFO | BUY ORDER
2026-08-07 10:45:05,263 | INFO | SELL ORDER
2026-08-07 10:45:05,270 | INFO | BUY ORDER
2026-08-07 10:45:05,276 | INFO | SELL ORDER
2026-08-07 10:45:05,282 | INFO | BUY ORDER
2026-08-07 10:45:05,288 | INFO | SELL ORDER
2026-08-07 10:45:05,288 | INFO | BUY ORDER
2026-08-07 10:45:05,297 | INFO | SELL ORDER
2026-08-07 10:45:05,302 | INFO | BUY ORDER
2026-08-07 10:45:05,311 | INFO | SELL ORDER
2026-08-07 10:45:05,311 | INFO | BUY ORDER
2026-08-07 10:45:05,318 | INFO | SELL ORDER
2026-08-07 10:45:05,318 | INFO | BUY ORDER
2026-08-07 10:45:05,328 | INFO | SELL ORDER
2026-08-07 10:45:05,334 | INFO | BUY ORDER
2026-08-07 10:45:05,341 | INFO | SELL ORDER
2026-08-07 10:45:05,342 | INFO | BUY ORDER
2026-08-07 10:45:05,342 | INFO | SELL ORDER
2026-08-07 10:45:05,342 | INFO | BUY ORDER
2026-08-07 10:45:05,352 | INFO | SELL ORDER
2026-08-07 10:45:05,354 | INFO | BUY ORDER
2026-08-07 10:45:05,354 | INFO | SELL ORDER
2026-08-07 10:45:05,354 | INFO | BUY ORDER
2026-08-07 10:45:05,354 | INFO | SELL ORDER
2026-08-07 10:45:05,367 | INFO | BUY ORDER
2026-08-07 10:45:05,373 | INFO | SELL ORDER
2026-08-07 10:45:05,373 | INFO | BUY ORDER
2026-08-07 10:45:05,373 | INFO | SELL ORDER
2026-08-07 10:45:05,385 | INFO | BUY ORDER
2026-08-07 10:45:05,385 | INFO | SELL ORDER
2026-08-07 10:45:05,385 | INFO | BUY ORDER
2026-08-07 10:45:05,399 | INFO | SELL ORDER
2026-08-07 10:45:05,402 | INFO | BUY ORDER
2026-08-07 10:45:05,408 | INFO | SELL ORDER
2026-08-07 10:45:05,408 | INFO | BUY ORDER
2026-08-07 10:45:05,414 | INFO | SELL ORDER
2026-08-07 10:45:05,414 | INFO | BUY ORDER
2026-08-07 10:45:05,418 | INFO | SELL ORDER
2026-08-07 10:45:05,422 | INFO | BUY ORDER
2026-08-07 10:45:05,422 | INFO | SELL ORDER
2026-08-07 10:45:05,434 | INFO | BUY ORDER
2026-08-07 10:45:05,439 | INFO | SELL ORDER
2026-08-07 10:45:05,439 | INFO | BUY ORDER
2026-08-07 10:45:05,446 | INFO | SELL ORDER
2026-08-07 10:45:05,452 | INFO | BUY ORDER
2026-08-07 10:45:05,452 | INFO | SELL ORDER
2026-08-07 10:45:05,458 | INFO | BUY ORDER
2026-08-07 10:45:05,460 | INFO | SELL ORDER
2026-08-07 10:45:05,462 | INFO | BUY ORDER
2026-08-07 10:45:05,466 | INFO | SELL ORDER
2026-08-07 10:45:05,468 | INFO | BUY ORDER
2026-08-07 10:45:05,468 | INFO | SELL ORDER
2026-08-07 10:45:05,478 | INFO | BUY ORDER
2026-08-07 10:45:05,485 | INFO | SELL ORDER
2026-08-07 10:45:05,485 | INFO | BUY ORDER
2026-08-07 10:45:05,494 | INFO | SELL ORDER
2026-08-07 10:45:05,494 | INFO | BUY ORDER
2026-08-07 10:45:05,502 | INFO | SELL ORDER
2026-08-07 10:45:05,507 | INFO | BUY ORDER
2026-08-07 10:45:05,507 | INFO | SELL ORDER
2026-08-07 10:45:05,518 | INFO | BUY ORDER
2026-08-07 10:45:05,518 | INFO | SELL ORDER
2026-08-07 10:45:05,518 | INFO | BUY ORDER
2026-08-07 10:45:05,535 | INFO | SELL ORDER
2026-08-07 10:45:05,541 | INFO | BUY ORDER
2026-08-07 10:45:05,548 | INFO | SELL ORDER
2026-08-07 10:45:05,552 | INFO | BUY ORDER
2026-08-07 10:45:05,556 | INFO | SELL ORDER
2026-08-07 10:45:05,556 | INFO | BUY ORDER
2026-08-07 10:45:05,556 | INFO | SELL ORDER
2026-08-07 10:45:05,564 | INFO | BUY ORDER
2026-08-07 10:45:05,572 | INFO | SELL ORDER
2026-08-07 10:45:05,572 | INFO | BUY ORDER
2026-08-07 10:45:05,572 | INFO | SELL ORDER
2026-08-07 10:45:05,581 | INFO | BUY ORDER
2026-08-07 10:45:05,585 | INFO | SELL ORDER
2026-08-07 10:45:05,589 | INFO | BUY ORDER
2026-08-07 10:45:05,589 | INFO | SELL ORDER
2026-08-07 10:45:05,596 | INFO | BUY ORDER
2026-08-07 10:45:05,601 | INFO | SELL ORDER
2026-08-07 10:45:05,603 | INFO | BUY ORDER
2026-08-07 10:45:05,608 | INFO | SELL ORDER
2026-08-07 10:45:05,618 | INFO | BUY ORDER
2026-08-07 10:45:05,621 | INFO | SELL ORDER
2026-08-07 10:45:05,628 | INFO | BUY ORDER
2026-08-07 10:45:05,634 | INFO | SELL ORDER
2026-08-07 10:45:05,635 | INFO | BUY ORDER
2026-08-07 10:45:05,651 | INFO | SELL ORDER
2026-08-07 10:45:05,651 | INFO | BUY ORDER
2026-08-07 10:45:05,660 | INFO | SELL ORDER
2026-08-07 10:45:13,219 | INFO | BUY ORDER
2026-08-07 10:45:13,219 | INFO | SELL ORDER
2026-08-07 10:45:13,231 | INFO | BUY ORDER
2026-08-07 10:45:13,240 | INFO | SELL ORDER
2026-08-07 10:45:13,251 | INFO | BUY ORDER
2026-08-07 10:45:13,251 | INFO | SELL ORDER
2026-08-07 10:45:13,261 | INFO | BUY ORDER
2026-08-07 10:45:13,267 | INFO | SELL ORDER
2026-08-07 10:45:13,276 | INFO | BUY ORDER
2026-08-07 10:45:13,283 | INFO | SELL ORDER
2026-08-07 10:45:13,284 | INFO | BUY ORDER
2026-08-07 10:45:13,303 | INFO | SELL ORDER
2026-08-07 10:45:13,317 | INFO | BUY ORDER
2026-08-07 10:45:13,334 | INFO | SELL ORDER
2026-08-07 10:45:13,334 | INFO | BUY ORDER
2026-08-07 10:45:13,344 | INFO | SELL ORDER
2026-08-07 10:45:13,350 | INFO | BUY ORDER
2026-08-07 10:45:13,359 | INFO | SELL ORDER
2026-08-07 10:45:13,366 | INFO | BUY ORDER
2026-08-07 10:45:13,367 | INFO | SELL ORDER
2026-08-07 10:45:13,375 | INFO | BUY ORDER
2026-08-07 10:45:13,384 | INFO | SELL ORDER
2026-08-07 10:45:13,400 | INFO | BUY ORDER
2026-08-07 10:45:13,408 | INFO | SELL ORDER
2026-08-07 10:45:13,417 | INFO | BUY ORDER
2026-08-07 10:45:13,430 | INFO | SELL ORDER
2026-08-07 10:45:13,483 | INFO | BUY ORDER
2026-08-07 10:45:13,519 | INFO | SELL ORDER
2026-08-07 10:45:13,573 | INFO | BUY ORDER
2026-08-07 10:45:13,584 | INFO | SELL ORDER
2026-08-07 10:45:13,601 | INFO | BUY ORDER
2026-08-07 10:45:13,601 | INFO | SELL ORDER
2026-08-07 10:45:13,627 | INFO | BUY ORDER
2026-08-07 10:45:13,644 | INFO | SELL ORDER
2026-08-07 10:45:13,651 | INFO | BUY ORDER
2026-08-07 10:45:13,660 | INFO | SELL ORDER
2026-08-07 10:45:13,714 | INFO | BUY ORDER
2026-08-07 10:45:13,721 | INFO | SELL ORDER
2026-08-07 10:45:13,724 | INFO | BUY ORDER
2026-08-07 10:45:13,724 | INFO | SELL ORDER
2026-08-07 10:45:13,738 | INFO | BUY ORDER
2026-08-07 10:45:13,743 | INFO | SELL ORDER
2026-08-07 10:45:13,747 | INFO | BUY ORDER
2026-08-07 10:45:13,751 | INFO | SELL ORDER
2026-08-07 10:45:13,754 | INFO | BUY ORDER
2026-08-07 10:45:13,760 | INFO | SELL ORDER
2026-08-07 10:45:13,766 | INFO | BUY ORDER
2026-08-07 10:45:13,771 | INFO | SELL ORDER
2026-08-07 10:45:13,775 | INFO | BUY ORDER
2026-08-07 10:45:13,783 | INFO | SELL ORDER
2026-08-07 10:45:13,789 | INFO | BUY ORDER
2026-08-07 10:45:13,790 | INFO | SELL ORDER
2026-08-07 10:45:13,797 | INFO | BUY ORDER
2026-08-07 10:45:13,801 | INFO | SELL ORDER
2026-08-07 10:45:13,804 | INFO | BUY ORDER
2026-08-07 10:45:13,804 | INFO | SELL ORDER
2026-08-07 10:45:13,816 | INFO | BUY ORDER
2026-08-07 10:45:13,821 | INFO | SELL ORDER
2026-08-07 10:45:13,821 | INFO | BUY ORDER
2026-08-07 10:45:13,821 | INFO | SELL ORDER
2026-08-07 10:45:13,829 | INFO | BUY ORDER
2026-08-07 10:45:13,835 | INFO | SELL ORDER
2026-08-07 10:45:13,837 | INFO | BUY ORDER
2026-08-07 10:45:13,842 | INFO | SELL ORDER
2026-08-07 10:45:13,850 | INFO | BUY ORDER
2026-08-07 10:45:13,856 | INFO | SELL ORDER
2026-08-07 10:45:13,862 | INFO | BUY ORDER
2026-08-07 10:45:13,867 | INFO | SELL ORDER
2026-08-07 10:45:13,872 | INFO | BUY ORDER
2026-08-07 10:45:13,876 | INFO | SELL ORDER
2026-08-07 10:45:13,876 | INFO | BUY ORDER
2026-08-07 10:45:13,876 | INFO | SELL ORDER
2026-08-07 10:45:13,881 | INFO | BUY ORDER
2026-08-07 10:45:13,884 | INFO | SELL ORDER
2026-08-07 10:45:13,887 | INFO | BUY ORDER
2026-08-07 10:45:13,887 | INFO | SELL ORDER
2026-08-07 10:45:13,887 | INFO | BUY ORDER
2026-08-07 10:45:13,897 | INFO | SELL ORDER
2026-08-07 10:45:13,900 | INFO | BUY ORDER
2026-08-07 10:45:13,900 | INFO | SELL ORDER
2026-08-07 10:45:13,900 | INFO | BUY ORDER
2026-08-07 10:45:13,911 | INFO | SELL ORDER
2026-08-07 10:45:13,913 | INFO | BUY ORDER
2026-08-07 10:45:13,923 | INFO | SELL ORDER
2026-08-07 10:45:13,929 | INFO | BUY ORDER
2026-08-07 10:45:13,934 | INFO | SELL ORDER
2026-08-07 10:45:13,938 | INFO | BUY ORDER
2026-08-07 10:45:13,938 | INFO | SELL ORDER
2026-08-07 10:45:13,945 | INFO | BUY ORDER
2026-08-07 10:45:13,949 | INFO | SELL ORDER
2026-08-07 10:45:13,957 | INFO | BUY ORDER
2026-08-07 10:45:13,961 | INFO | SELL ORDER
2026-08-07 10:45:13,967 | INFO | BUY ORDER
2026-08-07 10:45:13,967 | INFO | SELL ORDER
2026-08-07 10:45:13,976 | INFO | BUY ORDER
2026-08-07 10:45:13,983 | INFO | SELL ORDER
2026-08-07 10:45:13,984 | INFO | BUY ORDER
2026-08-07 10:45:13,989 | INFO | SELL ORDER
2026-08-07 10:45:13,989 | INFO | BUY ORDER
2026-08-07 10:45:13,989 | INFO | SELL ORDER
2026-08-07 10:45:13,999 | INFO | BUY ORDER
2026-08-07 10:45:14,003 | INFO | SELL ORDER
2026-08-07 10:45:14,003 | INFO | BUY ORDER
2026-08-07 10:45:14,003 | INFO | SELL ORDER
2026-08-07 10:45:14,017 | INFO | BUY ORDER
2026-08-07 10:45:14,021 | INFO | SELL ORDER
2026-08-07 10:45:14,021 | INFO | BUY ORDER
2026-08-07 10:45:14,021 | INFO | SELL ORDER
2026-08-07 10:45:14,031 | INFO | BUY ORDER
2026-08-07 10:45:14,034 | INFO | SELL ORDER
2026-08-07 10:45:14,034 | INFO | BUY ORDER
2026-08-07 10:45:14,034 | INFO | SELL ORDER
2026-08-07 10:45:14,034 | INFO | BUY ORDER
2026-08-07 10:45:14,046 | INFO | SELL ORDER
2026-08-07 10:45:14,051 | INFO | BUY ORDER
2026-08-07 10:45:14,051 | INFO | SELL ORDER
2026-08-07 10:45:14,051 | INFO | BUY ORDER
2026-08-07 10:45:14,063 | INFO | SELL ORDER
2026-08-07 10:45:14,067 | INFO | BUY ORDER
2026-08-07 10:45:14,067 | INFO | SELL ORDER
2026-08-07 10:45:14,067 | INFO | BUY ORDER
2026-08-07 10:45:14,079 | INFO | SELL ORDER
2026-08-07 10:45:14,084 | INFO | BUY ORDER
2026-08-07 10:45:14,084 | INFO | SELL ORDER
2026-08-07 10:45:14,088 | INFO | BUY ORDER
2026-08-07 10:45:14,088 | INFO | SELL ORDER
2026-08-07 10:45:14,094 | INFO | BUY ORDER
2026-08-07 10:45:14,094 | INFO | SELL ORDER
2026-08-07 10:45:14,101 | INFO | BUY ORDER
2026-08-07 10:45:14,103 | INFO | SELL ORDER
2026-08-07 10:45:14,103 | INFO | BUY ORDER
2026-08-07 10:45:14,110 | INFO | SELL ORDER
2026-08-07 10:45:14,110 | INFO | BUY ORDER
2026-08-07 10:45:14,120 | INFO | SELL ORDER
2026-08-07 10:45:14,125 | INFO | BUY ORDER
2026-08-07 10:45:14,126 | INFO | SELL ORDER
2026-08-07 10:45:14,131 | INFO | BUY ORDER
2026-08-07 10:45:17,532 | INFO | BUY ORDER
2026-08-07 10:45:17,532 | INFO | SELL ORDER
2026-08-07 10:45:17,550 | INFO | BUY ORDER
2026-08-07 10:45:17,550 | INFO | SELL ORDER
2026-08-07 10:45:17,563 | INFO | BUY ORDER
2026-08-07 10:45:17,563 | INFO | SELL ORDER
2026-08-07 10:45:17,567 | INFO | BUY ORDER
2026-08-07 10:45:17,574 | INFO | SELL ORDER
2026-08-07 10:45:17,582 | INFO | BUY ORDER
2026-08-07 10:45:17,587 | INFO | SELL ORDER
2026-08-07 10:45:17,587 | INFO | BUY ORDER
2026-08-07 10:45:17,611 | INFO | SELL ORDER
2026-08-07 10:45:17,624 | INFO | BUY ORDER
2026-08-07 10:45:17,640 | INFO | SELL ORDER
2026-08-07 10:45:17,648 | INFO | BUY ORDER
2026-08-07 10:45:17,653 | INFO | SELL ORDER
2026-08-07 10:45:17,666 | INFO | BUY ORDER
2026-08-07 10:45:17,670 | INFO | SELL ORDER
2026-08-07 10:45:17,670 | INFO | BUY ORDER
2026-08-07 10:45:17,682 | INFO | SELL ORDER
2026-08-07 10:45:17,686 | INFO | BUY ORDER
2026-08-07 10:45:17,710 | INFO | SELL ORDER
2026-08-07 10:45:17,716 | INFO | BUY ORDER
2026-08-07 10:45:17,719 | INFO | SELL ORDER
2026-08-07 10:45:17,740 | INFO | BUY ORDER
2026-08-07 10:45:17,740 | INFO | SELL ORDER
2026-08-07 10:45:25,846 | INFO | BUY ORDER
2026-08-07 10:45:25,848 | INFO | SELL ORDER
2026-08-07 10:45:25,862 | INFO | BUY ORDER
2026-08-07 10:45:25,868 | INFO | SELL ORDER
2026-08-07 10:45:25,878 | INFO | BUY ORDER
2026-08-07 10:45:25,896 | INFO | SELL ORDER
2026-08-07 10:45:25,938 | INFO | BUY ORDER
2026-08-07 10:45:25,944 | INFO | SELL ORDER
2026-08-07 10:45:25,946 | INFO | BUY ORDER
2026-08-07 10:45:25,974 | INFO | SELL ORDER
2026-08-07 10:45:25,981 | INFO | BUY ORDER
2026-08-07 10:45:26,009 | INFO | SELL ORDER
2026-08-07 10:45:26,015 | INFO | BUY ORDER
2026-08-07 10:45:26,023 | INFO | SELL ORDER
2026-08-07 10:45:26,031 | INFO | BUY ORDER
2026-08-07 10:45:26,053 | INFO | SELL ORDER
2026-08-07 10:45:26,065 | INFO | BUY ORDER
2026-08-07 10:45:26,074 | INFO | SELL ORDER
2026-08-07 10:45:26,086 | INFO | BUY ORDER
2026-08-07 10:45:26,091 | INFO | SELL ORDER
2026-08-07 10:45:26,099 | INFO | BUY ORDER
2026-08-07 10:45:26,102 | INFO | SELL ORDER
2026-08-07 10:45:26,111 | INFO | BUY ORDER
2026-08-07 10:45:26,115 | INFO | SELL ORDER
